 
 gcc -g p1final.c
 gdb a.out
GNU gdb (Ubuntu 8.1.1-0ubuntu1) 8.1.1
Copyright (C) 2018 Free Software Foundation, Inc.
License GPLv3+: GNU GPL version 3 or later <http://gnu.org/licenses/gpl.html>
This is free software: you are free to change and redistribute it.
There is NO WARRANTY, to the extent permitted by law.  Type "show copying"
and "show warranty" for details.
This GDB was configured as "x86_64-linux-gnu".
Type "show configuration" for configuration details.
For bug reporting instructions, please see:
<http://www.gnu.org/software/gdb/bugs/>.
Find the GDB manual and other documentation resources online at:
<http://www.gnu.org/software/gdb/documentation/>.
For help, type "help".
Type "apropos word" to search for commands related to "word"...
Reading symbols from a.out...done.
(gdb) b main
Breakpoint 1 at 0x822: file p1final.c, line 16.
(gdb) r
Starting program: /home/runner/IA2-Test1-Session2/a.out 
warning: Error disabling address space randomization: Operation not permitted

Breakpoint 1, main () at p1final.c:16
16  {
(gdb) n
18    input(&b,&h);
(gdb) s
input (base=0x7ffd7d62f3ec, height=0x7ffd7d62f3f0) at p1final.c:4
4     printf("enter the lengths in the format base height\n");
(gdb) n
enter the lengths in the format base height
5     scanf("%f %f",base,height);
(gdb) n
 
 gcc -g p2final.c
 gdb a.out
GNU gdb (Ubuntu 8.1.1-0ubuntu1) 8.1.1
Copyright (C) 2018 Free Software Foundation, Inc.
License GPLv3+: GNU GPL version 3 or later <http://gnu.org/licenses/gpl.html>
This is free software: you are free to change and redistribute it.
There is NO WARRANTY, to the extent permitted by law.  Type "show copying"
and "show warranty" for details.
This GDB was configured as "x86_64-linux-gnu".
Type "show configuration" for configuration details.
For bug reporting instructions, please see:
<http://www.gnu.org/software/gdb/bugs/>.
Find the GDB manual and other documentation resources online at:
<http://www.gnu.org/software/gdb/documentation/>.
For help, type "help".
Type "apropos word" to search for commands related to "word"...
Reading symbols from a.out...done.
(gdb) b main
Breakpoint 1 at 0x7e7: file p2final.c, line 38.
(gdb) r
Starting program: /home/runner/IA2-Test1-Session2/a.out 
warning: Error disabling address space randomization: Operation not permitted

Breakpoint 1, main () at p2final.c:38
38    printf("This program is to check if a triangle is scalene\n");
(gdb) n
This program is to check if a triangle is scalene
40    a= input_side();
(gdb) s
input_side () at p2final.c:3
3   {
(gdb) n
5     printf("enter the side:\n");
(gdb) n
enter the side:
6     scanf("%d",&x);
(gdb) n
4
7     return x;
(gdb) n
8   }
(gdb) n
main () at p2final.c:41
41    b=input_side();
(gdb) s
input_side () at p2final.c:3
3   {
(gdb) n
5     printf("enter the side:\n");
(gdb) n
enter the side:
6     scanf("%d",&x);
(gdb) n
5
7     return x;
(gdb) n
8   }
(gdb) n
main () at p2final.c:42
42    c=input_side();
(gdb) s
input_side () at p2final.c:3
3   {
(gdb) n
5     printf("enter the side:\n");
(gdb) n
enter the side:
6     scanf("%d",&x);
(gdb) n
8
7     return x;
(gdb) n
8   }
(gdb) n
main () at p2final.c:43
43    isscalene=check_scalene(a, b, c);
(gdb) s
check_scalene (a=4, b=5, c=8) at p2final.c:12
12    if(a==b || b==c || a==c)
(gdb) n
19      isscalene = 1;
(gdb) n
21    return isscalene;
(gdb) n
22  }
(gdb) n
main () at p2final.c:44
44    output(a,b,c,isscalene);
(gdb) s
output (a=4, b=5, c=8, isscalene=1) at p2final.c:25
25    if (isscalene == 1)
(gdb) n
27      printf("the triangle with the given sides is scalene\n");
(gdb) n
the triangle with the given sides is scalene
34  }
(gdb) n
main () at p2final.c:45
45    return 0;
(gdb) n
46  }(gdb) n
__libc_start_main (main=0x55adac8007df <main>, argc=1, argv=0x7ffff0ab86d8, 
    init=<optimized out>, fini=<optimized out>, rtld_fini=<optimized out>, 
    stack_end=0x7ffff0ab86c8) at ../csu/libc-start.c:344
344 ../csu/libc-start.c: No such file or directory.
(gdb) q
A debugging session is active.

    Inferior 1 [process 97] will be killed.

Quit anyway? (y or n) y