 
 gcc -g p1final.c
 gdb a.out
GNU gdb (Ubuntu 8.1.1-0ubuntu1) 8.1.1
Copyright (C) 2018 Free Software Foundation, Inc.
License GPLv3+: GNU GPL version 3 or later <http://gnu.org/licenses/gpl.html>
This is free software: you are free to change and redistribute it.
There is NO WARRANTY, to the extent permitted by law.  Type "show copying"
and "show warranty" for details.
This GDB was configured as "x86_64-linux-gnu".
Type "show configuration" for configuration details.
For bug reporting instructions, please see:
<http://www.gnu.org/software/gdb/bugs/>.
Find the GDB manual and other documentation resources online at:
<http://www.gnu.org/software/gdb/documentation/>.
For help, type "help".
Type "apropos word" to search for commands related to "word"...
Reading symbols from a.out...done.
(gdb) b main
Breakpoint 1 at 0x822: file p1final.c, line 16.
(gdb) r
Starting program: /home/runner/IA2-Test1-Session2/a.out 
warning: Error disabling address space randomization: Operation not permitted

Breakpoint 1, main () at p1final.c:16
16  {
(gdb) n
18    input(&b,&h);
(gdb) s
input (base=0x7ffd7d62f3ec, height=0x7ffd7d62f3f0) at p1final.c:4
4     printf("enter the lengths in the format base height\n");
(gdb) n
enter the lengths in the format base height
5     scanf("%f %f",base,height);
(gdb) n
 
 gcc -g p2final.c
 gdb a.out
GNU gdb (Ubuntu 8.1.1-0ubuntu1) 8.1.1
Copyright (C) 2018 Free Software Foundation, Inc.
License GPLv3+: GNU GPL version 3 or later <http://gnu.org/licenses/gpl.html>
This is free software: you are free to change and redistribute it.
There is NO WARRANTY, to the extent permitted by law.  Type "show copying"
and "show warranty" for details.
This GDB was configured as "x86_64-linux-gnu".
Type "show configuration" for configuration details.
For bug reporting instructions, please see:
<http://www.gnu.org/software/gdb/bugs/>.
Find the GDB manual and other documentation resources online at:
<http://www.gnu.org/software/gdb/documentation/>.
For help, type "help".
Type "apropos word" to search for commands related to "word"...
Reading symbols from a.out...done.
(gdb) b main
Breakpoint 1 at 0x7e7: file p2final.c, line 38.
(gdb) r
Starting program: /home/runner/IA2-Test1-Session2/a.out 
warning: Error disabling address space randomization: Operation not permitted

Breakpoint 1, main () at p2final.c:38
38    printf("This program is to check if a triangle is scalene\n");
(gdb) n
This program is to check if a triangle is scalene
40    a= input_side();
(gdb) s
input_side () at p2final.c:3
3   {
(gdb) n
5     printf("enter the side:\n");
(gdb) n
enter the side:
6     scanf("%d",&x);
(gdb) n
4
7     return x;
(gdb) n
8   }
(gdb) n
main () at p2final.c:41
41    b=input_side();
(gdb) s
input_side () at p2final.c:3
3   {
(gdb) n
5     printf("enter the side:\n");
(gdb) n
enter the side:
6     scanf("%d",&x);
(gdb) n
5
7     return x;
(gdb) n
8   }
(gdb) n
main () at p2final.c:42
42    c=input_side();
(gdb) s
input_side () at p2final.c:3
3   {
(gdb) n
5     printf("enter the side:\n");
(gdb) n
enter the side:
6     scanf("%d",&x);
(gdb) n
8
7     return x;
(gdb) n
8   }
(gdb) n
main () at p2final.c:43
43    isscalene=check_scalene(a, b, c);
(gdb) s
check_scalene (a=4, b=5, c=8) at p2final.c:12
12    if(a==b || b==c || a==c)
(gdb) n
19      isscalene = 1;
(gdb) n
 
 gcc -g p3final.c
 
 gcc -g p3final.c
 gdb a.out
GNU gdb (Ubuntu 8.1.1-0ubuntu1) 8.1.1
Copyright (C) 2018 Free Software Foundation, Inc.
License GPLv3+: GNU GPL version 3 or later <http://gnu.org/licenses/gpl.html>
This is free software: you are free to change and redistribute it.
There is NO WARRANTY, to the extent permitted by law.  Type "show copying"
and "show warranty" for details.
This GDB was configured as "x86_64-linux-gnu".
Type "show configuration" for configuration details.
For bug reporting instructions, please see:
<http://www.gnu.org/software/gdb/bugs/>.
Find the GDB manual and other documentation resources online at:
<http://www.gnu.org/software/gdb/documentation/>.
For help, type "help".
Type "apropos word" to search for commands related to "word"...
Reading symbols from a.out...done.
(gdb) b main
Breakpoint 1 at 0x846: file p3final.c, line 36.
(gdb) r
Starting program: /home/runner/IA2-Test1-Session2/a.out 
warning: Error disabling address space randomization: Operation not permitted

Breakpoint 1, main () at p3final.c:36
36    n = input_number();
(gdb) s
input_number () at p3final.c:3
3   {
(gdb) n
5     printf("enter a number\n");
(gdb) n
enter a number
6     scanf("%d",&x);
(gdb) n
n
7     return x;
(gdb) n
8   }
(gdb) n
main () at p3final.c:37
37    c = is_composite(n);
(gdb) s
is_composite (n=32517) at p3final.c:11
11    int i,c=0;
(gdb) n
12    for (i=2;i<n;i++)
(gdb) n
14        if (n%i==0)
(gdb) n
12    for (i=2;i<n;i++)
 
 gcc -g p4final.c
 gdb a.out
GNU gdb (Ubuntu 8.1.1-0ubuntu1) 8.1.1
Copyright (C) 2018 Free Software Foundation, Inc.
License GPLv3+: GNU GPL version 3 or later <http://gnu.org/licenses/gpl.html>
This is free software: you are free to change and redistribute it.
There is NO WARRANTY, to the extent permitted by law.  Type "show copying"
and "show warranty" for details.
This GDB was configured as "x86_64-linux-gnu".
Type "show configuration" for configuration details.
For bug reporting instructions, please see:
<http://www.gnu.org/software/gdb/bugs/>.
Find the GDB manual and other documentation resources online at:
<http://www.gnu.org/software/gdb/documentation/>.
For help, type "help".
Type "apropos word" to search for commands related to "word"...
Reading symbols from a.out...done.
(gdb) b main
 
 gcc -g p4final.c
 gdb a.out
GNU gdb (Ubuntu 8.1.1-0ubuntu1) 8.1.1
Copyright (C) 2018 Free Software Foundation, Inc.
License GPLv3+: GNU GPL version 3 or later <http://gnu.org/licenses/gpl.html>
This is free software: you are free to change and redistribute it.
There is NO WARRANTY, to the extent permitted by law.  Type "show copying"
and "show warranty" for details.
This GDB was configured as "x86_64-linux-gnu".
Type "show configuration" for configuration details.
For bug reporting instructions, please see:
<http://www.gnu.org/software/gdb/bugs/>.
Find the GDB manual and other documentation resources online at:
<http://www.gnu.org/software/gdb/documentation/>.
For help, type "help".
Type "apropos word" to search for commands related to "word"...
Reading symbols from a.out...done.
(gdb) b main
Breakpoint 1 at 0x8fe: file p4final.c, line 47.
(gdb) r
Starting program: /home/runner/IA2-Test1-Session2/a.out 
warning: Error disabling address space randomization: Operation not permitted

Breakpoint 1, main () at p4final.c:47
47  {
(gdb) n
49    n = input_array_size();
(gdb) s
input_array_size () at p4final.c:3
3   {
(gdb) n
5     printf("enter the size of array\n");
(gdb) n
enter the size of array
6     scanf("%d",&x);
(gdb) n
n
7     return x;
(gdb) n
8   }
(gdb) n
main () at p4final.c:50
50    int a[n];
(gdb) n
51    input_array(n,a);
(gdb) s
input_array (n=0, a=0x7ffe097e7c80) at p4final.c:24
24    printf("enter the values\n");
(gdb) n
enter the values
25    for(int i=0;i<n;i++)
(gdb) n
29  }
(gdb) n
main () at p4final.c:52
52    sum = sum_of_composite_numbers(n,a);
(gdb) s
sum_of_composite_numbers (n=0, a=0x7ffe097e7c80) at p4final.c:32
32    int c=0,sum=0;
(gdb) n
33    for(int i=0;i<n;i++)
(gdb) n
40    return sum;
(gdb) n
41  }
(gdb) n
main () at p4final.c:53
53    output(sum);
(gdb) s
output (sum=0) at p4final.c:44
44    printf("%d is the sum of the numbers you entered\n",sum);
(gdb) n
0 is the sum of the numbers you entered
45  }
(gdb) n
main () at p4final.c:54
54    return 0;
(gdb) n
55  }(gdb) q
A debugging session is active.

    Inferior 1 [process 230] will be killed.

Quit anyway? (y or n) y