 gcc -g p6final.c
 gdb a.out
GNU gdb (Ubuntu 8.1.1-0ubuntu1) 8.1.1
Copyright (C) 2018 Free Software Foundation, Inc.
License GPLv3+: GNU GPL version 3 or later <http://gnu.org/licenses/gpl.html>
This is free software: you are free to change and redistribute it.
There is NO WARRANTY, to the extent permitted by law.  Type "show copying"
and "show warranty" for details.
This GDB was configured as "x86_64-linux-gnu".
Type "show configuration" for configuration details.
For bug reporting instructions, please see:
<http://www.gnu.org/software/gdb/bugs/>.
Find the GDB manual and other documentation resources online at:
<http://www.gnu.org/software/gdb/documentation/>.
For help, type "help".
Type "apropos word" to search for commands related to "word"...
Reading symbols from a.out...done.
(gdb) b main
Breakpoint 1 at 0x848: file p6final.c, line 30.
(gdb) r
Starting program: /home/runner/IA2-Test1-Session2/a.out 
warning: Error disabling address space randomization: Operation not permitted

Breakpoint 1, main () at p6final.c:30
30  {
(gdb) n
31    char b[1000] = { '\0' };
(gdb) n
33    input_string(b);
(gdb) s
input_string (a=0x7ffec075c500 "") at p6final.c:4
4     printf("enter the string you want to reverse\n");
(gdb) n
enter the string you want to reverse
5     scanf("%s",a);
(gdb) n
n
6   }
(gdb) n
main () at p6final.c:35
35    output(b, str_reverse(b) );
(gdb) s
str_reverse (a=0x7ffec075c500 "n") at p6final.c:9
9     char *last = a;
(gdb) n
11      while ( *last ) ++last;
(gdb) n
13      if ( a != last )
(gdb) n
15          for ( char *first = a; first < --last; ++first )
(gdb) n
23      return a;
(gdb) n
24  }
(gdb) n
the rverse of n is n
main () at p6final.c:37
37    return 0;
(gdb) n
38  }(gdb) q
A debugging session is active.

    Inferior 1 [process 366] will be killed.

Quit anyway? (y or n) y